/bin/bash: line 15: dotnet: command not found
